[backblue.gif]
[fade.gif]
[index.html]
[www.1stprelaunch.com/uploads/logo/mobileom.jpg]
[www.1stprelaunch.com/uploads/logo/logoom.jpg]
[www.1stprelaunch.com/uploads/bannerom.jpg]
[www.1stprelaunch.com/uploads/logo/other6.jpg]
[www.1stprelaunch.com/projects/public/js/emicalc-loader.js]
[www.1stprelaunch.com/projects/public/images/iconf.png]
[www.1stprelaunch.com/projects/public/images/iconi.png]
[www.1stprelaunch.com/projects/public/images/iconp.png]
[www.1stprelaunch.com/projects/public/images/iconyou.png]
[www.1stprelaunch.com/projects/public/images/discount.png]
[www.1stprelaunch.com/projects/public/images/whatsapp.png]
[www.1stprelaunch.com/projects/public/images/call.png]
[www.1stprelaunch.com/projects/public/js/jquery.min.js]
[www.1stprelaunch.com/projects/public/js/defer.js]
[www.1stprelaunch.com/projects/public/js/home-script.js]
[www.1stprelaunch.com/projects/omkar-alta-monte-malad.html]
[www.1stprelaunch.com/projects/public/fonts/glyphicons-halflings-regular.eot]
[www.1stprelaunch.com/projects/public/fonts/glyphicons-halflings-regulard41d.eot]
[www.1stprelaunch.com/projects/omkar-alta-monte-malad/bootstrap.css]
[www.1stprelaunch.com/uploads/logo/mobileom1.jpg]
[www.1stprelaunch.com/projects/public/images/footer-arrow.png]
[www.1stprelaunch.com/projects/public/images/proposal-acon.png]
[www.1stprelaunch.com/projects/public/fonts/fontawesome-webfont3e6e.eot]
[www.1stprelaunch.com/projects/public/fonts/fontawesome-webfontd41d.eot]
[www.1stprelaunch.com/projects/public/fonts/fontawesome-webfont3e6e.woff2]
[www.1stprelaunch.com/projects/public/fonts/fontawesome-webfont3e6e.woff]
[www.1stprelaunch.com/projects/public/fonts/fontawesome-webfont3e6e.ttf]
[www.1stprelaunch.com/projects/omkar-alta-monte-malad/style.css]
[www.1stprelaunch.com/projects/public/images/icon33.png]
[www.1stprelaunch.com/projects/omkar-alta-monte-malad/demo.css]
[www.1stprelaunch.com/projects/omkar-alta-monte-malad/video.html]
[www.1stprelaunch.com/projects/omkar-alta-monte-malad/amenities.html]
[www.1stprelaunch.com/uploads/floor_plans/2-BHK81.jpg]
[www.1stprelaunch.com/uploads/floor_plans/3-BHK51.jpg]
[www.1stprelaunch.com/projects/omkar-alta-monte-malad/floor_plan.html]
[www.1stprelaunch.com/projects/omkar-alta-monte-malad/price.html]
[www.1stprelaunch.com/projects/omkar-alta-monte-malad/nri_services.html]
[www.1stprelaunch.com/projects/public/js/bootstrapValidator.min.js]
[www.1stprelaunch.com/projects/public/js/contact-form-validate.js]
[www.1stprelaunch.com/projects/omkar-alta-monte-malad/location.html]
[www.1stprelaunch.com/projects/omkar-alta-monte-malad/privacy.html]
[www.1stprelaunch.com/projects/omkar-alta-monte-malad/PMAY_SUBSIDY.html]
[www.1stprelaunch.com/projects/pages/captcha.html]
[www.1stprelaunch.com/projects/pages/checkmobile.html]
[www.1stprelaunch.com/projects/pages/logdetails.html]
[www.1stprelaunch.com/projects/images/arrow-small-left.html]
[www.1stprelaunch.com/projects/images/arrow-small-right.html]
[www.1stprelaunch.com/projects/images/btn-plus.html]
[www.1stprelaunch.com/projects/images/arrow-right.html]
[www.1stprelaunch.com/projects/images/arrow-left.html]
[www.1stprelaunch.com/projects/images/left-arrow.html]
[www.1stprelaunch.com/projects/images/blockquote-top.html]
[www.1stprelaunch.com/projects/images/blockquote-bottom.html]
[www.1stprelaunch.com/projects/images/right-arrow.html]
[www.1stprelaunch.com/projects/public/fonts/fontawesome-webfont3e6e.svg]
[www.1stprelaunch.com/projects/public/css/responsive.css]
[www.1stprelaunch.com/projects/omkar-alta-monte-malad/public/images/iconf.html]
[www.1stprelaunch.com/projects/omkar-alta-monte-malad/public/images/iconi.html]
[www.1stprelaunch.com/projects/omkar-alta-monte-malad/public/images/iconp.html]
[www.1stprelaunch.com/projects/omkar-alta-monte-malad/public/images/iconyou.html]
[www.1stprelaunch.com/projects/public/images/owl.video.play.png]
[www.1stprelaunch.com/projects/public/css/owl.carousel.css]
[www.1stprelaunch.com/projects/public/images/fancybox_sprite.png]
[www.1stprelaunch.com/projects/public/images/fancybox_loading.gif]
[www.1stprelaunch.com/projects/public/images/blank.gif]
[www.1stprelaunch.com/projects/public/images/fancybox_overlay.png]
[www.1stprelaunch.com/projects/public/images/fancybox_sprite@2x.png]
[www.1stprelaunch.com/projects/public/images/fancybox_loading@2x.gif]
[www.1stprelaunch.com/projects/public/css/jquery.fancybox.css]
[www.1stprelaunch.com/projects/public/css/bootstrapValidator.min.css]
[www.1stprelaunch.com/projects/images.html]
[www.1stprelaunch.com/projects/images/video.html]
[www.1stprelaunch.com/projects/images/amenities.html]
[www.1stprelaunch.com/projects/images/floor_plan.html]
[www.1stprelaunch.com/projects/images/price.html]
[www.1stprelaunch.com/projects/images/nri_services.html]
[www.1stprelaunch.com/projects/images/location.html]
[www.1stprelaunch.com/projects/images/PMAY_SUBSIDY.html]
[www.1stprelaunch.com/projects/images/privacy.html]
[www.1stprelaunch.com/projects/images/www.1stprelaunch.com/projects/images/arrow-small-left.html]
[www.1stprelaunch.com/projects/images/www.1stprelaunch.com/projects/images/arrow-small-right.html]
[www.1stprelaunch.com/projects/images/www.1stprelaunch.com/projects/images/btn-plus.html]
[www.1stprelaunch.com/projects/images/www.1stprelaunch.com/projects/images/arrow-right.html]
[www.1stprelaunch.com/projects/images/www.1stprelaunch.com/projects/images/arrow-left.html]
[www.1stprelaunch.com/projects/images/www.1stprelaunch.com/projects/images/left-arrow.html]
[www.1stprelaunch.com/projects/images/www.1stprelaunch.com/projects/images/blockquote-top.html]
[www.1stprelaunch.com/projects/images/www.1stprelaunch.com/projects/images/blockquote-bottom.html]
[www.1stprelaunch.com/projects/images/www.1stprelaunch.com/projects/images/right-arrow.html]
[www.1stprelaunch.com/projects/index.php/pages/chat.html]
